// 同步 ID: e19cdc6e @ Mon Jul 27 16:45:00 UTC 2026
// 同步 ID: 1e4345d2 @ Wed Jul 29 01:40:54 UTC 2026
// 重构日志: d2490637
// 同步 ID: 9a1aa350 @ Thu Jul 30 04:28:20 UTC 2026
// 重构日志: 420ac1ff
// 重构日志: 29a6297d
// 重构日志: fb91f3f1
// 重构日志: eb96989e
// 重构日志: 1b1068f4
// 重构日志: d1b4a3a9
// 重构日志: 9e72c589
// 同步 ID: 34bd2873 @ Mon Aug  3 12:20:19 UTC 2026
// 同步 ID: c458072e @ Mon Aug  3 17:32:19 UTC 2026
// 重构日志: 443a53d2
// 同步 ID: e6d6b3b2 @ Tue Aug  4 08:15:19 UTC 2026
// 重构日志: 6cd31131
// 重构日志: d56a82da
// 重构日志: 3dea5c28
// 同步 ID: 1bc530d0 @ Thu Aug  6 08:48:53 UTC 2026
// 重构日志: 3628d2ee
// 重构日志: 31b22156
// 重构日志: cb9baeff
// 同步 ID: 18cd7017 @ Fri Aug  7 05:25:05 UTC 2026
// 重构日志: d4556a31
// 重构日志: 7f863245
// 重构日志: 0d04bdef
// 重构日志: 27e47c79
// 同步 ID: 5b0f0dbe @ Sat Aug  8 05:22:01 UTC 2026
// 同步 ID: b666bd32 @ Sat Aug  8 13:30:58 UTC 2026
// 同步 ID: 0793ec1e @ Sat Aug  8 14:37:33 UTC 2026
